// Jest Snapshot v1, https://goo.gl/fbAQLP

exports[`matches snapshot 1`] = `
<DocumentFragment>
  <div
    class="App"
  >
    <nav
      class="Navigation navbar navbar-expand-md"
    >
      <a
        class="navbar-brand"
        href="/"
      >
        YouTeach
      </a>
      <ul
        class="navbar-nav ml-auto"
      >
        <li
          class="nav-item mr-4"
        >
          <a
            class="nav-link"
            href="/login"
          >
            Login
          </a>
        </li>
        <li
          class="nav-item mr-4"
        >
          <a
            class="nav-link"
            href="/signup"
          >
            Sign Up
          </a>
        </li>
      </ul>
    </nav>
    <div
      class="pt-5"
    >
      <div
        class="Homepage"
      >
        <div
          class="container text-center"
        >
          <h1
            class="mb-4 font-weight-bold"
          >
            YouTeach
          </h1>
          <p
            class="lead"
          >
            All your free courses in one, convenient place.
          </p>
          <p>
            <a
              class="btn btn-primary font-weight-bold mr-3"
              href="/login"
            >
              Log in
            </a>
            <a
              class="btn btn-primary font-weight-bold"
              href="/signup"
            >
              Sign up
            </a>
          </p>
        </div>
      </div>
    </div>
  </div>
</DocumentFragment>
`;
